// Jest Snapshot v1, https://goo.gl/fbAQLP

exports[`Index should export package 1`] = `undefined`;
